


ARM Macro Assembler    Page 1 


    1 00000000                 AREA             RESET, DATA, READONLY
    2 00000000                 EXPORT           __Vectors
    3 00000000         __Vectors
    4 00000000 40001000        DCD              0x40001000  ; stack pointer val
                                                            ue when stack is em
                                                            pty
    5 00000004 00000000        DCD              Reset_Handler ; reset vector
    6 00000008                 ALIGN
    7 00000008                 AREA             mycode, CODE, READONLY
    8 00000000                 ENTRY
    9 00000000                 EXPORT           Reset_Handler
   10 00000000         Reset_Handler
   11 00000000 4810            LDR              R0, =SRC
   12 00000002 4911            LDR              R1, =DST
   13 00000004 F04F 030A       MOV              R3, #10
   14 00000008         UP
   15 00000008 F850 1B04       LDR              R1, [R0], #4
   16 0000000C 1852            ADDS             R2, R1
   17 0000000E F146 0600       ADC              R6, #0
   18 00000012 3B01            SUBS             R3, #1
   19 00000014 D1F8            BNE              UP
   20 00000016 4E0C            LDR              R6, =DST
   21 00000018 6032            STR              R2,[R6]
   22 0000001A         STOP
   23 0000001A E7FE            B                STOP
   24 0000001C         
   25 0000001C 00000001 
              00000002 
              00000003 
              00000004 
              00000005 
              00000006 
              00000007 
              00000008 
              00000009 
              0000000A SRC     DCD              1,2,3,4,5,6,7,8,9,10
   26 00000044 00000000 
              00000000 
              00000000         AREA             data, DATA, READWRITE
   27 00000000 00000000 
                       DST     DCD              0
                       
Command Line: --debug --xref --cpu=Cortex-M3 --apcs=interwork --depend=l2_q1.d 
-ol2_q1.o -IC:\Keil\ARM\RV31\INC -IC:\Keil\ARM\CMSIS\Include -IC:\Keil\ARM\Inc\
NXP\LPC17xx --predefine="__EVAL SETA 1" --list=l2_q1.lst l2_q1.s



ARM Macro Assembler    Page 1 Alphabetic symbol ordering
Relocatable symbols

RESET 00000000

Symbol: RESET
   Definitions
      At line 1 in file l2_q1.s
   Uses
      None
Comment: RESET unused
__Vectors 00000000

Symbol: __Vectors
   Definitions
      At line 3 in file l2_q1.s
   Uses
      At line 2 in file l2_q1.s
Comment: __Vectors used once
2 symbols



ARM Macro Assembler    Page 1 Alphabetic symbol ordering
Relocatable symbols

Reset_Handler 00000000

Symbol: Reset_Handler
   Definitions
      At line 10 in file l2_q1.s
   Uses
      At line 5 in file l2_q1.s
      At line 9 in file l2_q1.s

SRC 0000001C

Symbol: SRC
   Definitions
      At line 25 in file l2_q1.s
   Uses
      At line 11 in file l2_q1.s
Comment: SRC used once
STOP 0000001A

Symbol: STOP
   Definitions
      At line 22 in file l2_q1.s
   Uses
      At line 23 in file l2_q1.s
Comment: STOP used once
UP 00000008

Symbol: UP
   Definitions
      At line 14 in file l2_q1.s
   Uses
      At line 19 in file l2_q1.s
Comment: UP used once
mycode 00000000

Symbol: mycode
   Definitions
      At line 7 in file l2_q1.s
   Uses
      None
Comment: mycode unused
5 symbols



ARM Macro Assembler    Page 1 Alphabetic symbol ordering
Relocatable symbols

DST 00000000

Symbol: DST
   Definitions
      At line 27 in file l2_q1.s
   Uses
      At line 12 in file l2_q1.s
      At line 20 in file l2_q1.s

data 00000000

Symbol: data
   Definitions
      At line 26 in file l2_q1.s
   Uses
      None
Comment: data unused
2 symbols
342 symbols in table
