


ARM Macro Assembler    Page 1 


    1 00000000                 AREA             RESET, DATA, READONLY
    2 00000000                 EXPORT           __Vectors
    3 00000000         __Vectors
    4 00000000 40001000        DCD              0x40001000
    5 00000004 00000000        DCD              Reset_Handler
    6 00000008         
    7 00000008                 ALIGN
    8 00000008         
    9 00000008                 AREA             mycode, CODE, READONLY
   10 00000000                 ENTRY
   11 00000000                 EXPORT           Reset_Handler
   12 00000000         Reset_Handler
   13 00000000 F04F 0012       MOV              R0, # 0x12
   14 00000004 F04F 010C       MOV              R1, # 12
   15 00000008 F06F 020B       MOV              R2, # -12
   16 0000000C 4C00            LDR              R4, =0x12345678
   17 0000000E E7FE    STOP    B                STOP
   18 00000010                 END
              12345678 
Command Line: --debug --xref --cpu=Cortex-M3 --apcs=interwork --depend=mfp.d -o
mfp.o -IC:\Keil\ARM\RV31\INC -IC:\Keil\ARM\CMSIS\Include -IC:\Keil\ARM\Inc\NXP\
LPC17xx --predefine="__EVAL SETA 1" --list=mfp.lst mfp.s



ARM Macro Assembler    Page 1 Alphabetic symbol ordering
Relocatable symbols

RESET 00000000

Symbol: RESET
   Definitions
      At line 1 in file mfp.s
   Uses
      None
Comment: RESET unused
__Vectors 00000000

Symbol: __Vectors
   Definitions
      At line 3 in file mfp.s
   Uses
      At line 2 in file mfp.s
Comment: __Vectors used once
2 symbols



ARM Macro Assembler    Page 1 Alphabetic symbol ordering
Relocatable symbols

Reset_Handler 00000000

Symbol: Reset_Handler
   Definitions
      At line 12 in file mfp.s
   Uses
      At line 5 in file mfp.s
      At line 11 in file mfp.s

STOP 0000000E

Symbol: STOP
   Definitions
      At line 17 in file mfp.s
   Uses
      At line 17 in file mfp.s
Comment: STOP used once
mycode 00000000

Symbol: mycode
   Definitions
      At line 9 in file mfp.s
   Uses
      None
Comment: mycode unused
3 symbols
338 symbols in table
