ARM Linker, 5.03 [Build 24] [MDK-ARM Lite]

==============================================================================

Section Cross References

    sem.o(RESET) refers to sem.o(mycode) for Reset_Handler
    sem.o(mycode) refers to sem.o(DATASEG) for DST


==============================================================================

Image Symbol Table

    Local Symbols

    Symbol Name                              Value     Ov Type        Size  Object(Section)

    RESET                                    0x00000000   Section        8  sem.o(RESET)
    sem.s                                    0x00000000   Number         0  sem.o ABSOLUTE
    mycode                                   0x00000008   Section       96  sem.o(mycode)
    SRC                                      0x00000038   Data          40  sem.o(mycode)
    DATASEG                                  0x10000000   Section        4  sem.o(DATASEG)
    DST                                      0x10000000   Data           4  sem.o(DATASEG)

    Global Symbols

    Symbol Name                              Value     Ov Type        Size  Object(Section)

    BuildAttributes$$THM_ISAv4$P$D$K$B$S$PE$A:L22UL41UL21$X:L11$S22US41US21$IEEE1$IW$USESV6$~STKCKD$USESV7$~SHL$OSPACE$EBA8$STANDARDLIB$PRES8$EABIv2 0x00000000   Number         0  anon$$obj.o ABSOLUTE
    __Vectors                                0x00000000   Data           0  sem.o(RESET)
    Reset_Handler                            0x00000009   Thumb Code     0  sem.o(mycode)



==============================================================================

Memory Map of the image

  Image Entry point : 0x00000009

  Load Region LR_1 (Base: 0x00000000, Size: 0x0000006c, Max: 0xffffffff, ABSOLUTE)

    Execution Region ER_RO (Base: 0x00000000, Size: 0x00000068, Max: 0xffffffff, ABSOLUTE)

    Base Addr    Size         Type   Attr      Idx    E Section Name        Object

    0x00000000   0x00000008   Data   RO            1    RESET               sem.o
    0x00000008   0x00000060   Code   RO            2  * mycode              sem.o


    Execution Region ER_RW (Base: 0x10000000, Size: 0x00000004, Max: 0xffffffff, ABSOLUTE)

    Base Addr    Size         Type   Attr      Idx    E Section Name        Object

    0x10000000   0x00000004   Data   RW            3    DATASEG             sem.o


    Execution Region ER_ZI (Base: 0x10000004, Size: 0x00000000, Max: 0xffffffff, ABSOLUTE)

    **** No section assigned to this execution region ****


==============================================================================

Image component sizes


      Code (inc. data)   RO Data    RW Data    ZI Data      Debug   Object Name

        96         50          8          4          0        192   sem.o

    ----------------------------------------------------------------------
        96         50          8          4          0        192   Object Totals
         0          0          0          0          0          0   (incl. Generated)
         0          0          0          0          0          0   (incl. Padding)

    ----------------------------------------------------------------------
         0          0          0          0          0          0   Library Totals
         0          0          0          0          0          0   (incl. Padding)

    ----------------------------------------------------------------------

==============================================================================


      Code (inc. data)   RO Data    RW Data    ZI Data      Debug   

        96         50          8          4          0        192   Grand Totals
        96         50          8          4          0        192   ELF Image Totals
        96         50          8          4          0          0   ROM Totals

==============================================================================

    Total RO  Size (Code + RO Data)                  104 (   0.10kB)
    Total RW  Size (RW Data + ZI Data)                 4 (   0.00kB)
    Total ROM Size (Code + RO Data + RW Data)        108 (   0.11kB)

==============================================================================

